Copyright 1986-2021 Xilinx, Inc. All Rights Reserved.
----------------------------------------------------------------------------------------
| Tool Version : Vivado v.2021.1 (win64) Build 3247384 Thu Jun 10 19:36:33 MDT 2021
| Date         : Tue Apr 23 01:55:20 2024
| Host         : P1-07 running 64-bit major release  (build 9200)
| Command      : report_control_sets -verbose -file WrapperBook_control_sets_placed.rpt
| Design       : WrapperBook
| Device       : xc7a100t
----------------------------------------------------------------------------------------

Control Set Information

Table of Contents
-----------------
1. Summary
2. Histogram
3. Flip-Flop Distribution
4. Detailed Control Set Information

1. Summary
----------

+----------------------------------------------------------+-------+
|                          Status                          | Count |
+----------------------------------------------------------+-------+
| Total control sets                                       |    70 |
|    Minimum number of control sets                        |    70 |
|    Addition due to synthesis replication                 |     0 |
|    Addition due to physical synthesis replication        |     0 |
| Unused register locations in slices containing registers |    58 |
+----------------------------------------------------------+-------+
* Control sets can be merged at opt_design using control_set_merge or merge_equivalent_drivers
** Run report_qor_suggestions for automated merging and remapping suggestions


2. Histogram
------------

+--------------------+-------+
|       Fanout       | Count |
+--------------------+-------+
| Total control sets |    70 |
| >= 0 to < 4        |     2 |
| >= 4 to < 6        |     1 |
| >= 6 to < 8        |     2 |
| >= 8 to < 10       |     1 |
| >= 10 to < 12      |     4 |
| >= 12 to < 14      |     0 |
| >= 14 to < 16      |     0 |
| >= 16              |    60 |
+--------------------+-------+
* Control sets can be remapped at either synth_design or opt_design


3. Flip-Flop Distribution
-------------------------

+--------------+-----------------------+------------------------+-----------------+--------------+
| Clock Enable | Synchronous Set/Reset | Asynchronous Set/Reset | Total Registers | Total Slices |
+--------------+-----------------------+------------------------+-----------------+--------------+
| No           | No                    | No                     |              29 |           20 |
| No           | No                    | Yes                    |              87 |           41 |
| No           | Yes                   | No                     |              38 |           10 |
| Yes          | No                    | No                     |             590 |          218 |
| Yes          | No                    | Yes                    |            1495 |          597 |
| Yes          | Yes                   | No                     |              31 |            8 |
+--------------+-----------------------+------------------------+-----------------+--------------+


4. Detailed Control Set Information
-----------------------------------

+----------------+------------------------------------------------+-------------------------------------+------------------+----------------+--------------+
|  Clock Signal  |                  Enable Signal                 |           Set/Reset Signal          | Slice Load Count | Bel Load Count | Bels / Slice |
+----------------+------------------------------------------------+-------------------------------------+------------------+----------------+--------------+
|  clock_0       |                                                | RegisterFile/reg31/dff31/CPU_RESETN |                1 |              1 |         1.00 |
|  clock_1       |                                                | RegisterFile/reg31/dff31/CPU_RESETN |                1 |              1 |         1.00 |
| ~clock_BUFG    |                                                | CPU/DXlatch/ir/dff5/clock_reg       |                1 |              5 |         5.00 |
| ~clock_BUFG    |                                                | CPU/DXlatch/ir/dff31/q_reg_4        |                2 |              6 |         3.00 |
|  clock_0       | combook/comEnOut_OBUF                          | RegisterFile/reg31/dff31/CPU_RESETN |                3 |              7 |         2.33 |
|  clock_BUFG    |                                                |                                     |                4 |              8 |         2.00 |
|  vga2/clk25    | vga2/Display/vPos                              | RegisterFile/reg31/dff31/CPU_RESETN |                3 |             10 |         3.33 |
|  vga2/clk25    |                                                | RegisterFile/reg31/dff31/CPU_RESETN |                5 |             10 |         2.00 |
| ~clock_BUFG    |                                                |                                     |                9 |             10 |         1.11 |
|  clk_IBUF_BUFG |                                                |                                     |                7 |             11 |         1.57 |
|  clock_BUFG    |                                                | datarec/clear                       |                5 |             19 |         3.80 |
|  clock_BUFG    |                                                | combook/clear                       |                5 |             19 |         3.80 |
|  clock_BUFG    | CPU/XMobLatch/ir/dff5/q_reg_1[0]               |                                     |                7 |             24 |         3.43 |
|  clock_BUFG    | CPU/XMobLatch/ir/dff5/q_reg_13[0]              |                                     |                6 |             24 |         4.00 |
|  clock_BUFG    | CPU/XMobLatch/ir/dff5/q_reg_3[0]               |                                     |                8 |             24 |         3.00 |
|  clock_BUFG    | CPU/XMobLatch/ir/dff5/q_reg_10[0]              |                                     |                5 |             24 |         4.80 |
|  clock_BUFG    | CPU/XMobLatch/ir/dff5/q_reg_11[0]              |                                     |                9 |             24 |         2.67 |
|  clock_BUFG    | CPU/XMobLatch/ir/dff5/q_reg_14[0]              |                                     |                7 |             24 |         3.43 |
|  clock_BUFG    | CPU/XMobLatch/ir/dff5/q_reg_12[0]              |                                     |                6 |             24 |         4.00 |
|  clock_BUFG    | CPU/XMobLatch/ir/dff5/q_reg_2[0]               |                                     |                9 |             24 |         2.67 |
|  clock_BUFG    | CPU/XMobLatch/ir/dff5/q_reg_4[0]               |                                     |                8 |             24 |         3.00 |
|  clock_BUFG    | CPU/XMobLatch/ir/dff5/q_reg_5[0]               |                                     |                7 |             24 |         3.43 |
|  clock_BUFG    | CPU/XMobLatch/ir/dff5/q_reg_6[0]               |                                     |                6 |             24 |         4.00 |
|  clock_BUFG    | CPU/XMobLatch/ir/dff5/q_reg_7[0]               |                                     |                7 |             24 |         3.43 |
|  clock_BUFG    | CPU/XMobLatch/ir/dff5/q_reg_8[0]               |                                     |                8 |             24 |         3.00 |
|  clock_BUFG    | CPU/XMobLatch/ir/dff5/q_reg_9[0]               |                                     |                6 |             24 |         4.00 |
|  clock_BUFG    | combook/counter3[31]_i_2_n_0                   | flip22/counter3[0]                  |                8 |             31 |         3.88 |
|  clock_BUFG    | CPU/MW_IR/dff30/enable                         | RegisterFile/reg31/dff31/CPU_RESETN |               11 |             32 |         2.91 |
|  clock_BUFG    | CPU/MW_IR/dff30/enable_10                      | RegisterFile/reg31/dff31/CPU_RESETN |               26 |             32 |         1.23 |
|  clock_BUFG    | CPU/MW_IR/dff30/enable_16                      | RegisterFile/reg31/dff31/CPU_RESETN |                9 |             32 |         3.56 |
|  clock_BUFG    | CPU/MW_IR/dff30/enable_15                      | RegisterFile/reg31/dff31/CPU_RESETN |               16 |             32 |         2.00 |
|  clock_BUFG    | CPU/MW_IR/dff30/enable_21                      | RegisterFile/reg31/dff31/CPU_RESETN |                7 |             32 |         4.57 |
|  clock_BUFG    | CPU/MW_IR/dff30/enable_22                      | RegisterFile/reg31/dff31/CPU_RESETN |               14 |             32 |         2.29 |
|  clock_BUFG    | CPU/MW_IR/dff30/enable_0                       | RegisterFile/reg31/dff31/CPU_RESETN |                8 |             32 |         4.00 |
|  clock_BUFG    | CPU/MW_IR/dff30/enable_1                       | RegisterFile/reg31/dff31/CPU_RESETN |                9 |             32 |         3.56 |
|  clock_BUFG    | CPU/MW_IR/dff30/enable_12                      | RegisterFile/reg31/dff31/CPU_RESETN |                7 |             32 |         4.57 |
|  clock_BUFG    | CPU/MW_IR/dff30/enable_13                      | RegisterFile/reg31/dff31/CPU_RESETN |                9 |             32 |         3.56 |
|  clock_BUFG    | CPU/MW_IR/dff30/enable_17                      | RegisterFile/reg31/dff31/CPU_RESETN |                7 |             32 |         4.57 |
|  clock_BUFG    | CPU/MW_IR/dff30/enable_18                      | RegisterFile/reg31/dff31/CPU_RESETN |               10 |             32 |         3.20 |
|  clock_BUFG    | CPU/MW_IR/dff30/enable_19                      | RegisterFile/reg31/dff31/CPU_RESETN |               16 |             32 |         2.00 |
|  clock_BUFG    | CPU/MW_IR/dff30/enable_2                       | RegisterFile/reg31/dff31/CPU_RESETN |                8 |             32 |         4.00 |
|  clock_BUFG    | CPU/MW_IR/dff30/enable_23                      | RegisterFile/reg31/dff31/CPU_RESETN |                8 |             32 |         4.00 |
|  clock_BUFG    | CPU/MW_IR/dff30/enable_24                      | RegisterFile/reg31/dff31/CPU_RESETN |               13 |             32 |         2.46 |
|  clock_BUFG    | CPU/MW_IR/dff30/enable_25                      | RegisterFile/reg31/dff31/CPU_RESETN |               25 |             32 |         1.28 |
|  clock_BUFG    | CPU/MW_IR/dff30/enable_11                      | RegisterFile/reg31/dff31/CPU_RESETN |               17 |             32 |         1.88 |
|  clock_BUFG    | CPU/MW_IR/dff30/enable_20                      | RegisterFile/reg31/dff31/CPU_RESETN |               18 |             32 |         1.78 |
|  clock_BUFG    | CPU/MW_IR/dff30/enable_26                      | RegisterFile/reg31/dff31/CPU_RESETN |               28 |             32 |         1.14 |
|  clock_BUFG    | CPU/MW_IR/dff30/enable_27                      | RegisterFile/reg31/dff31/CPU_RESETN |                6 |             32 |         5.33 |
|  clock_BUFG    | CPU/MW_IR/dff30/enable_6                       | RegisterFile/reg31/dff31/CPU_RESETN |                8 |             32 |         4.00 |
|  clock_BUFG    | CPU/MW_IR/dff30/enable_7                       | RegisterFile/reg31/dff31/CPU_RESETN |               10 |             32 |         3.20 |
|  clock_BUFG    | CPU/MW_IR/dff30/enable_3                       | RegisterFile/reg31/dff31/CPU_RESETN |               12 |             32 |         2.67 |
|  clock_BUFG    | CPU/MW_IR/dff30/enable_8                       | RegisterFile/reg31/dff31/CPU_RESETN |                7 |             32 |         4.57 |
|  clock_BUFG    | CPU/MW_IR/dff30/enable_5                       | RegisterFile/reg31/dff31/CPU_RESETN |               27 |             32 |         1.19 |
|  clock_BUFG    | CPU/MW_IR/dff30/enable_28                      | RegisterFile/reg31/dff31/CPU_RESETN |               12 |             32 |         2.67 |
|  clock_BUFG    | CPU/MW_IR/dff30/enable_9                       | RegisterFile/reg31/dff31/CPU_RESETN |               11 |             32 |         2.91 |
|  clock_BUFG    | CPU/MW_IR/dff30/E[0]                           |                                     |               10 |             32 |         3.20 |
|  clock_BUFG    | CPU/MW_IR/dff30/q_reg_14[0]                    |                                     |                7 |             32 |         4.57 |
|  clock_BUFG    | CPU/MW_IR/dff30/q_reg_14[0]                    | RegisterFile/reg31/dff31/CPU_RESETN |               11 |             32 |         2.91 |
|  clock_0       | combook/shiftreg[31]_i_1_n_0                   | RegisterFile/reg31/dff31/CPU_RESETN |                5 |             32 |         6.40 |
|  clock_BUFG    | CPU/MW_IR/dff30/enable_14                      | RegisterFile/reg31/dff31/CPU_RESETN |               21 |             32 |         1.52 |
|  clock_BUFG    | CPU/MW_IR/dff30/enable_4                       | RegisterFile/reg31/dff31/CPU_RESETN |               15 |             32 |         2.13 |
| ~clock_BUFG    | CPU/mult/multiply/boothprod/dff64/enable       | RegisterFile/reg31/dff31/CPU_RESETN |               11 |             32 |         2.91 |
|  clock_1       | datarec/counter[5]_i_1__0_n_0                  | RegisterFile/reg31/dff31/CPU_RESETN |                8 |             38 |         4.75 |
| ~clock_BUFG    | CPU/mult/divide/counte/tff5/dff/divready       |                                     |               38 |             63 |         1.66 |
| ~clock_BUFG    | CPU/mult/multiply/counter/tff4/dff/q_reg_inv_0 |                                     |               41 |             63 |         1.54 |
| ~clock_BUFG    |                                                | RegisterFile/reg31/dff31/CPU_RESETN |               31 |             64 |         2.06 |
| ~clock_BUFG    | CPU/DXlatch/ir/dff5/inmultA1                   |                                     |               23 |             64 |         2.78 |
| ~clock_BUFG    | CPU/DXlatch/ir/dff27/q_reg_1                   | RegisterFile/reg31/dff31/CPU_RESETN |               41 |             96 |         2.34 |
| ~clock_BUFG    | CPU/staller/pcEN0                              | RegisterFile/reg31/dff31/CPU_RESETN |               33 |             96 |         2.91 |
| ~clock_BUFG    | CPU/DXlatch/ir/dff27/irEN1                     | RegisterFile/reg31/dff31/CPU_RESETN |               87 |            192 |         2.21 |
+----------------+------------------------------------------------+-------------------------------------+------------------+----------------+--------------+


